level=info msg="wrote out to file: 'testdata/test.sls'"
