key: 5874A0604976A753: Test Salt Master (test key)

