
{"level":"info","message":"wrote out to file: 'testdata/test.sls'"}