
level=warning msg="keys: search directory not specified"