
  1EADCB5C042E5B66: Test Salt Master (test key)
1 keys found:
