

key: 1EADCB5C042E5B66: Test Salt Master (test key)